// Jest Snapshot v1, https://jestjs.io/docs/snapshot-testing

exports[`NewsFeed sanpshot test should match snapshot on initial render 1`] = `
<View
  style={
    [
      {
        "backgroundColor": "#111111",
        "flex": 1,
        "paddingBottom": 32,
        "paddingTop": 16,
      },
      {
        "alignContent": "center",
        "justifyContent": "center",
      },
    ]
  }
>
  <ActivityIndicator
    color="#FFFFFF"
    size="large"
    testID="test-id-loading"
  />
</View>
`;

exports[`NewsFeed sanpshot test should match snapshot with data 1`] = `
<RCTScrollView
  style={
    {
      "backgroundColor": "#111111",
      "flex": 1,
      "paddingBottom": 32,
      "paddingTop": 16,
    }
  }
>
  <View>
    <View>
      <View
        style={
          {
            "paddingHorizontal": 16,
          }
        }
      >
        <View
          style={
            {
              "backgroundColor": "#1E1E1E",
              "borderRadius": 8,
              "marginBottom": 12,
              "padding": 8,
            }
          }
        >
          <View
            accessibilityState={
              {
                "busy": undefined,
                "checked": undefined,
                "disabled": undefined,
                "expanded": undefined,
                "selected": undefined,
              }
            }
            accessibilityValue={
              {
                "max": undefined,
                "min": undefined,
                "now": undefined,
                "text": undefined,
              }
            }
            accessible={true}
            collapsable={false}
            focusable={true}
            onClick={[Function]}
            onResponderGrant={[Function]}
            onResponderMove={[Function]}
            onResponderRelease={[Function]}
            onResponderTerminate={[Function]}
            onResponderTerminationRequest={[Function]}
            onStartShouldSetResponder={[Function]}
            style={
              {
                "opacity": 1,
              }
            }
            testID="test-id-card-0"
          >
            <Image
              src="https://static.escolakids.uol.com.br/2025/06/ilustracao-de-um-menino-com-a-mao-na-orelha-captando-ondas-sonoras-ou-de-som.jpg"
              style={
                {
                  "borderRadius": 4,
                  "height": 108,
                  "width": "100%",
                }
              }
            />
            <Text
              ellipsizeMode="tail"
              numberOfLines={2}
              style={
                {
                  "color": "#888888",
                  "fontSize": 14,
                  "letterSpacing": -0.41,
                  "marginTop": 8,
                }
              }
            >
              Som: o que é, como é produzido, curiosidades - Escola Kids
            </Text>
            <Text
              numberOfLines={2}
              style={
                {
                  "color": "#E8E8E8",
                  "fontSize": 16,
                  "letterSpacing": -0.41,
                  "marginTop": 8,
                }
              }
            >
              O som é uma onda. Ele é produzido por meio de oscilações ou vibrações que ocorrem em meios físicos. É usado na comunicação, na navegação e até em exames. . ....[Upgrade subscription plan]
            </Text>
            <View
              style={
                {
                  "alignItems": "center",
                  "flexDirection": "row",
                  "justifyContent": "space-between",
                  "marginTop": 13,
                }
              }
            >
              <Text
                style={
                  {
                    "color": "#888888",
                    "fontSize": 10,
                    "letterSpacing": -0.41,
                  }
                }
              >
                Jul 31, 2025
              </Text>
              <View
                accessibilityState={
                  {
                    "busy": undefined,
                    "checked": undefined,
                    "disabled": undefined,
                    "expanded": undefined,
                    "selected": undefined,
                  }
                }
                accessibilityValue={
                  {
                    "max": undefined,
                    "min": undefined,
                    "now": undefined,
                    "text": undefined,
                  }
                }
                accessible={true}
                collapsable={false}
                focusable={true}
                onClick={[Function]}
                onResponderGrant={[Function]}
                onResponderMove={[Function]}
                onResponderRelease={[Function]}
                onResponderTerminate={[Function]}
                onResponderTerminationRequest={[Function]}
                onStartShouldSetResponder={[Function]}
                style={
                  {
                    "opacity": 1,
                    "paddingLeft": 8,
                    "paddingRight": 0,
                    "paddingVertical": 8,
                  }
                }
                testID="test-id-favorite-button-card-0"
              >
                <Image
                  source={
                    {
                      "testUri": "../../../src/assets/images/favorite-icon.png",
                    }
                  }
                  style={
                    {
                      "height": 13.5,
                      "width": 10.5,
                    }
                  }
                />
              </View>
            </View>
          </View>
        </View>
      </View>
    </View>
    <View>
      <View
        style={
          {
            "paddingHorizontal": 16,
          }
        }
      >
        <View
          style={
            {
              "backgroundColor": "#1E1E1E",
              "borderRadius": 8,
              "marginBottom": 12,
              "padding": 8,
            }
          }
        >
          <View
            accessibilityState={
              {
                "busy": undefined,
                "checked": undefined,
                "disabled": undefined,
                "expanded": undefined,
                "selected": undefined,
              }
            }
            accessibilityValue={
              {
                "max": undefined,
                "min": undefined,
                "now": undefined,
                "text": undefined,
              }
            }
            accessible={true}
            collapsable={false}
            focusable={true}
            onClick={[Function]}
            onResponderGrant={[Function]}
            onResponderMove={[Function]}
            onResponderRelease={[Function]}
            onResponderTerminate={[Function]}
            onResponderTerminationRequest={[Function]}
            onStartShouldSetResponder={[Function]}
            style={
              {
                "opacity": 1,
              }
            }
            testID="test-id-card-1"
          >
            <Image
              src="https://www.estadao.com.br/resizer/v2/X2YIS5SZA5GYTLEOHJ2GBPPATU.jpg?quality=80&auth=59adec19ff8b3a52959cf375728f895d294195881677ead497d4cbf5f00ced24&width=1200&height=630&smart=true"
              style={
                {
                  "borderRadius": 4,
                  "height": 108,
                  "width": "100%",
                }
              }
            />
            <Text
              ellipsizeMode="tail"
              numberOfLines={2}
              style={
                {
                  "color": "#888888",
                  "fontSize": 14,
                  "letterSpacing": -0.41,
                  "marginTop": 8,
                }
              }
            >
              Mariana Xavier revela que está namorando à distância e pede dicas para seguidores; veja quem é ele
            </Text>
            <Text
              numberOfLines={2}
              style={
                {
                  "color": "#E8E8E8",
                  "fontSize": 16,
                  "letterSpacing": -0.41,
                  "marginTop": 8,
                }
              }
            >
              Mariana Xavier revelou que está namorando à distância. O diretor de filmes publicitários Guido Antonini é o novo amor da atriz, que pediu dicas para seus seguidores no Instagram que formam casais que ...[+13 chars]...[Upgrade subscription plan]
            </Text>
            <View
              style={
                {
                  "alignItems": "center",
                  "flexDirection": "row",
                  "justifyContent": "space-between",
                  "marginTop": 13,
                }
              }
            >
              <Text
                style={
                  {
                    "color": "#888888",
                    "fontSize": 10,
                    "letterSpacing": -0.41,
                  }
                }
              >
                Jul 31, 2025
              </Text>
              <View
                accessibilityState={
                  {
                    "busy": undefined,
                    "checked": undefined,
                    "disabled": undefined,
                    "expanded": undefined,
                    "selected": undefined,
                  }
                }
                accessibilityValue={
                  {
                    "max": undefined,
                    "min": undefined,
                    "now": undefined,
                    "text": undefined,
                  }
                }
                accessible={true}
                collapsable={false}
                focusable={true}
                onClick={[Function]}
                onResponderGrant={[Function]}
                onResponderMove={[Function]}
                onResponderRelease={[Function]}
                onResponderTerminate={[Function]}
                onResponderTerminationRequest={[Function]}
                onStartShouldSetResponder={[Function]}
                style={
                  {
                    "opacity": 1,
                    "paddingLeft": 8,
                    "paddingRight": 0,
                    "paddingVertical": 8,
                  }
                }
                testID="test-id-favorite-button-card-1"
              >
                <Image
                  source={
                    {
                      "testUri": "../../../src/assets/images/favorite-icon.png",
                    }
                  }
                  style={
                    {
                      "height": 13.5,
                      "width": 10.5,
                    }
                  }
                />
              </View>
            </View>
          </View>
        </View>
      </View>
    </View>
    <View>
      <View
        style={
          {
            "paddingHorizontal": 16,
          }
        }
      >
        <View
          style={
            {
              "backgroundColor": "#1E1E1E",
              "borderRadius": 8,
              "marginBottom": 12,
              "padding": 8,
            }
          }
        >
          <View
            accessibilityState={
              {
                "busy": undefined,
                "checked": undefined,
                "disabled": undefined,
                "expanded": undefined,
                "selected": undefined,
              }
            }
            accessibilityValue={
              {
                "max": undefined,
                "min": undefined,
                "now": undefined,
                "text": undefined,
              }
            }
            accessible={true}
            collapsable={false}
            focusable={true}
            onClick={[Function]}
            onResponderGrant={[Function]}
            onResponderMove={[Function]}
            onResponderRelease={[Function]}
            onResponderTerminate={[Function]}
            onResponderTerminationRequest={[Function]}
            onStartShouldSetResponder={[Function]}
            style={
              {
                "opacity": 1,
              }
            }
            testID="test-id-card-2"
          >
            <Image
              src="https://filmspot.com.pt/images/media/14139.jpg"
              style={
                {
                  "borderRadius": 4,
                  "height": 108,
                  "width": "100%",
                }
              }
            />
            <Text
              ellipsizeMode="tail"
              numberOfLines={2}
              style={
                {
                  "color": "#888888",
                  "fontSize": 14,
                  "letterSpacing": -0.41,
                  "marginTop": 8,
                }
              }
            >
              Jamie Lee Curtis confirma versão de "Crime, Disse Ela" para o cinema
            </Text>
            <Text
              numberOfLines={2}
              style={
                {
                  "color": "#E8E8E8",
                  "fontSize": 16,
                  "letterSpacing": -0.41,
                  "marginTop": 8,
                }
              }
            >
              Publicado em 2025-07-27 10:17, por filmSPOT A atriz vencedora de um Óscar interpretará a personagem de Jessica Fletcher, celebrizada por Angela Lansbury. Jamie Lee Curtis confirmou que protagonizará u...[+7 chars]...[Upgrade subscription plan]
            </Text>
            <View
              style={
                {
                  "alignItems": "center",
                  "flexDirection": "row",
                  "justifyContent": "space-between",
                  "marginTop": 13,
                }
              }
            >
              <Text
                style={
                  {
                    "color": "#888888",
                    "fontSize": 10,
                    "letterSpacing": -0.41,
                  }
                }
              >
                Jul 31, 2025
              </Text>
              <View
                accessibilityState={
                  {
                    "busy": undefined,
                    "checked": undefined,
                    "disabled": undefined,
                    "expanded": undefined,
                    "selected": undefined,
                  }
                }
                accessibilityValue={
                  {
                    "max": undefined,
                    "min": undefined,
                    "now": undefined,
                    "text": undefined,
                  }
                }
                accessible={true}
                collapsable={false}
                focusable={true}
                onClick={[Function]}
                onResponderGrant={[Function]}
                onResponderMove={[Function]}
                onResponderRelease={[Function]}
                onResponderTerminate={[Function]}
                onResponderTerminationRequest={[Function]}
                onStartShouldSetResponder={[Function]}
                style={
                  {
                    "opacity": 1,
                    "paddingLeft": 8,
                    "paddingRight": 0,
                    "paddingVertical": 8,
                  }
                }
                testID="test-id-favorite-button-card-2"
              >
                <Image
                  source={
                    {
                      "testUri": "../../../src/assets/images/favorite-icon.png",
                    }
                  }
                  style={
                    {
                      "height": 13.5,
                      "width": 10.5,
                    }
                  }
                />
              </View>
            </View>
          </View>
        </View>
      </View>
    </View>
    <View>
      <View
        style={
          {
            "paddingHorizontal": 16,
          }
        }
      >
        <View
          style={
            {
              "backgroundColor": "#1E1E1E",
              "borderRadius": 8,
              "marginBottom": 12,
              "padding": 8,
            }
          }
        >
          <View
            accessibilityState={
              {
                "busy": undefined,
                "checked": undefined,
                "disabled": undefined,
                "expanded": undefined,
                "selected": undefined,
              }
            }
            accessibilityValue={
              {
                "max": undefined,
                "min": undefined,
                "now": undefined,
                "text": undefined,
              }
            }
            accessible={true}
            collapsable={false}
            focusable={true}
            onClick={[Function]}
            onResponderGrant={[Function]}
            onResponderMove={[Function]}
            onResponderRelease={[Function]}
            onResponderTerminate={[Function]}
            onResponderTerminationRequest={[Function]}
            onStartShouldSetResponder={[Function]}
            style={
              {
                "opacity": 1,
              }
            }
            testID="test-id-card-3"
          >
            <Image
              src="https://s5.static.brasilescola.uol.com.br/vestibular/2025/05/vestibular-2026-da-fuvest.jpg"
              style={
                {
                  "borderRadius": 4,
                  "height": 108,
                  "width": "100%",
                }
              }
            />
            <Text
              ellipsizeMode="tail"
              numberOfLines={2}
              style={
                {
                  "color": "#888888",
                  "fontSize": 14,
                  "letterSpacing": -0.41,
                  "marginTop": 8,
                }
              }
            >
              Fuvest 2026: novas datas de atendimento especializado - Brasil Escola
            </Text>
            <Text
              numberOfLines={2}
              style={
                {
                  "color": "#E8E8E8",
                  "fontSize": 16,
                  "letterSpacing": -0.41,
                  "marginTop": 8,
                }
              }
            >
              Fuvest anuncia novas datas para solicitação de atendimento especializado no Vestibular 2026 São oferecidos mais de 8 mil vagas de graduação para concorrência no Vestibular. . ....[Upgrade subscription plan]
            </Text>
            <View
              style={
                {
                  "alignItems": "center",
                  "flexDirection": "row",
                  "justifyContent": "space-between",
                  "marginTop": 13,
                }
              }
            >
              <Text
                style={
                  {
                    "color": "#888888",
                    "fontSize": 10,
                    "letterSpacing": -0.41,
                  }
                }
              >
                Jul 31, 2025
              </Text>
              <View
                accessibilityState={
                  {
                    "busy": undefined,
                    "checked": undefined,
                    "disabled": undefined,
                    "expanded": undefined,
                    "selected": undefined,
                  }
                }
                accessibilityValue={
                  {
                    "max": undefined,
                    "min": undefined,
                    "now": undefined,
                    "text": undefined,
                  }
                }
                accessible={true}
                collapsable={false}
                focusable={true}
                onClick={[Function]}
                onResponderGrant={[Function]}
                onResponderMove={[Function]}
                onResponderRelease={[Function]}
                onResponderTerminate={[Function]}
                onResponderTerminationRequest={[Function]}
                onStartShouldSetResponder={[Function]}
                style={
                  {
                    "opacity": 1,
                    "paddingLeft": 8,
                    "paddingRight": 0,
                    "paddingVertical": 8,
                  }
                }
                testID="test-id-favorite-button-card-3"
              >
                <Image
                  source={
                    {
                      "testUri": "../../../src/assets/images/favorite-icon.png",
                    }
                  }
                  style={
                    {
                      "height": 13.5,
                      "width": 10.5,
                    }
                  }
                />
              </View>
            </View>
          </View>
        </View>
      </View>
    </View>
    <View>
      <View
        style={
          {
            "paddingHorizontal": 16,
          }
        }
      >
        <View
          style={
            {
              "backgroundColor": "#1E1E1E",
              "borderRadius": 8,
              "marginBottom": 12,
              "padding": 8,
            }
          }
        >
          <View
            accessibilityState={
              {
                "busy": undefined,
                "checked": undefined,
                "disabled": undefined,
                "expanded": undefined,
                "selected": undefined,
              }
            }
            accessibilityValue={
              {
                "max": undefined,
                "min": undefined,
                "now": undefined,
                "text": undefined,
              }
            }
            accessible={true}
            collapsable={false}
            focusable={true}
            onClick={[Function]}
            onResponderGrant={[Function]}
            onResponderMove={[Function]}
            onResponderRelease={[Function]}
            onResponderTerminate={[Function]}
            onResponderTerminationRequest={[Function]}
            onStartShouldSetResponder={[Function]}
            style={
              {
                "opacity": 1,
              }
            }
            testID="test-id-card-4"
          >
            <Image
              src="https://filmspot.com.pt/images/media/14142.jpg"
              style={
                {
                  "borderRadius": 4,
                  "height": 108,
                  "width": "100%",
                }
              }
            />
            <Text
              ellipsizeMode="tail"
              numberOfLines={2}
              style={
                {
                  "color": "#888888",
                  "fontSize": 14,
                  "letterSpacing": -0.41,
                  "marginTop": 8,
                }
              }
            >
              "It: Welcome To Derry" - a origem do tal palhaço
            </Text>
            <Text
              numberOfLines={2}
              style={
                {
                  "color": "#E8E8E8",
                  "fontSize": 16,
                  "letterSpacing": -0.41,
                  "marginTop": 8,
                }
              }
            >
              A HBO Max apresentou novas cenas da série que conta a origem de Pennywise. Baseada no universo criado por Stephen King a série de terror "It: Welcome To Derry" tem um novo teaser trailer, apresentado ...[+14 chars]...[Upgrade subscription plan]
            </Text>
            <View
              style={
                {
                  "alignItems": "center",
                  "flexDirection": "row",
                  "justifyContent": "space-between",
                  "marginTop": 13,
                }
              }
            >
              <Text
                style={
                  {
                    "color": "#888888",
                    "fontSize": 10,
                    "letterSpacing": -0.41,
                  }
                }
              >
                Jul 31, 2025
              </Text>
              <View
                accessibilityState={
                  {
                    "busy": undefined,
                    "checked": undefined,
                    "disabled": undefined,
                    "expanded": undefined,
                    "selected": undefined,
                  }
                }
                accessibilityValue={
                  {
                    "max": undefined,
                    "min": undefined,
                    "now": undefined,
                    "text": undefined,
                  }
                }
                accessible={true}
                collapsable={false}
                focusable={true}
                onClick={[Function]}
                onResponderGrant={[Function]}
                onResponderMove={[Function]}
                onResponderRelease={[Function]}
                onResponderTerminate={[Function]}
                onResponderTerminationRequest={[Function]}
                onStartShouldSetResponder={[Function]}
                style={
                  {
                    "opacity": 1,
                    "paddingLeft": 8,
                    "paddingRight": 0,
                    "paddingVertical": 8,
                  }
                }
                testID="test-id-favorite-button-card-4"
              >
                <Image
                  source={
                    {
                      "testUri": "../../../src/assets/images/favorite-icon.png",
                    }
                  }
                  style={
                    {
                      "height": 13.5,
                      "width": 10.5,
                    }
                  }
                />
              </View>
            </View>
          </View>
        </View>
      </View>
    </View>
  </View>
</RCTScrollView>
`;

exports[`NewsFeed sanpshot test should match snapshot with error 1`] = `
<View
  style={
    {
      "backgroundColor": "#111111",
      "flex": 1,
      "padding": 16,
    }
  }
>
  <View
    style={
      {
        "alignItems": "center",
        "flex": 1,
        "justifyContent": "center",
      }
    }
  >
    <Image
      source={
        {
          "testUri": "../../../src/assets/images/x-circle.png",
        }
      }
      testID="test-id-image-error"
    />
    <Text
      style={
        {
          "color": "#FFFFFF",
          "fontSize": 24,
          "fontWeight": "700",
          "paddingTop": 16,
        }
      }
    >
      Algo deu errado.
    </Text>
  </View>
  <View
    style={
      {
        "marginVertical": 16,
      }
    }
  >
    <View
      collapsable={false}
      style={
        {
          "backgroundColor": "#FFFFFF",
          "borderRadius": 20,
          "shadowColor": "#000",
          "shadowOffset": {
            "height": 0,
            "width": 0,
          },
          "shadowOpacity": 0,
          "shadowRadius": 0,
        }
      }
      testID="button-container-outer-layer"
    >
      <View
        collapsable={false}
        style={
          {
            "backgroundColor": "#FFFFFF",
            "borderColor": "transparent",
            "borderRadius": 20,
            "borderStyle": "solid",
            "borderWidth": 0,
            "flex": undefined,
            "minWidth": 64,
            "shadowColor": "#000",
            "shadowOffset": {
              "height": 0,
              "width": 0,
            },
            "shadowOpacity": 0,
            "shadowRadius": 0,
          }
        }
        testID="button-container"
      >
        <View
          accessibilityRole="button"
          accessibilityState={
            {
              "busy": undefined,
              "checked": undefined,
              "disabled": false,
              "expanded": undefined,
              "selected": undefined,
            }
          }
          accessibilityValue={
            {
              "max": undefined,
              "min": undefined,
              "now": undefined,
              "text": undefined,
            }
          }
          accessible={true}
          collapsable={false}
          focusable={true}
          onBlur={[Function]}
          onClick={[Function]}
          onFocus={[Function]}
          onResponderGrant={[Function]}
          onResponderMove={[Function]}
          onResponderRelease={[Function]}
          onResponderTerminate={[Function]}
          onResponderTerminationRequest={[Function]}
          onStartShouldSetResponder={[Function]}
          style={
            [
              {
                "overflow": "hidden",
              },
              {
                "borderRadius": 20,
              },
            ]
          }
          testID="button"
        >
          <View
            style={
              [
                {
                  "alignItems": "center",
                  "flexDirection": "row",
                  "justifyContent": "center",
                },
                undefined,
              ]
            }
          >
            <Text
              numberOfLines={1}
              selectable={false}
              style={
                [
                  {
                    "textAlign": "left",
                  },
                  {
                    "color": "rgba(28, 27, 31, 1)",
                    "writingDirection": "ltr",
                  },
                  [
                    {
                      "fontFamily": "System",
                      "fontSize": 14,
                      "fontWeight": "500",
                      "letterSpacing": 0.1,
                      "lineHeight": 20,
                    },
                    [
                      {
                        "marginHorizontal": 16,
                        "marginVertical": 9,
                        "textAlign": "center",
                      },
                      false,
                      {
                        "marginHorizontal": 24,
                        "marginVertical": 10,
                      },
                      undefined,
                      false,
                      {
                        "color": "#111111",
                        "fontFamily": "System",
                        "fontSize": 14,
                        "fontWeight": "500",
                        "letterSpacing": 0.1,
                        "lineHeight": 20,
                      },
                      undefined,
                    ],
                  ],
                ]
              }
              testID="button-text"
            >
              Tentar novamente
            </Text>
          </View>
        </View>
      </View>
    </View>
  </View>
</View>
`;
